ggml_cuda_init: found 1 CUDA devices (Total VRAM: 45457 MiB):
  Device 0: NVIDIA L20, compute capability 8.9, VMM: yes, VRAM: 45457 MiB
  MUL_MAT(type_a=q4_0,type_b=f32,m=4096,n=2,k=4096,bs=[1,1],nr=[1,1],per=[0,1,2,3],k_v=0,o=1,src_overlap=0): [1;32mOK[0m
  MUL_MAT(type_a=q4_0,type_b=f32,m=4096,n=3,k=4096,bs=[1,1],nr=[1,1],per=[0,1,2,3],k_v=0,o=1,src_overlap=0): [1;32mOK[0m
  MUL_MAT(type_a=q4_0,type_b=f32,m=4096,n=4,k=4096,bs=[1,1],nr=[1,1],per=[0,1,2,3],k_v=0,o=1,src_overlap=0): [1;32mOK[0m
  MUL_MAT(type_a=q4_0,type_b=f32,m=4096,n=5,k=4096,bs=[1,1],nr=[1,1],per=[0,1,2,3],k_v=0,o=1,src_overlap=0): [1;32mOK[0m
  MUL_MAT(type_a=q4_0,type_b=f32,m=4096,n=6,k=4096,bs=[1,1],nr=[1,1],per=[0,1,2,3],k_v=0,o=1,src_overlap=0): [1;32mOK[0m
  MUL_MAT(type_a=q4_0,type_b=f32,m=4096,n=7,k=4096,bs=[1,1],nr=[1,1],per=[0,1,2,3],k_v=0,o=1,src_overlap=0): [1;32mOK[0m
  MUL_MAT(type_a=q4_0,type_b=f32,m=4096,n=8,k=4096,bs=[1,1],nr=[1,1],per=[0,1,2,3],k_v=0,o=1,src_overlap=0): [1;32mOK[0m
  MUL_MAT(type_a=q8_0,type_b=f32,m=4096,n=2,k=4096,bs=[1,1],nr=[1,1],per=[0,1,2,3],k_v=0,o=1,src_overlap=0): [1;32mOK[0m
  MUL_MAT(type_a=q8_0,type_b=f32,m=4096,n=3,k=4096,bs=[1,1],nr=[1,1],per=[0,1,2,3],k_v=0,o=1,src_overlap=0): [1;32mOK[0m
  MUL_MAT(type_a=q8_0,type_b=f32,m=4096,n=4,k=4096,bs=[1,1],nr=[1,1],per=[0,1,2,3],k_v=0,o=1,src_overlap=0): [1;32mOK[0m
  MUL_MAT(type_a=q8_0,type_b=f32,m=4096,n=5,k=4096,bs=[1,1],nr=[1,1],per=[0,1,2,3],k_v=0,o=1,src_overlap=0): [1;32mOK[0m
  MUL_MAT(type_a=q8_0,type_b=f32,m=4096,n=6,k=4096,bs=[1,1],nr=[1,1],per=[0,1,2,3],k_v=0,o=1,src_overlap=0): [1;32mOK[0m
  MUL_MAT(type_a=q8_0,type_b=f32,m=4096,n=7,k=4096,bs=[1,1],nr=[1,1],per=[0,1,2,3],k_v=0,o=1,src_overlap=0): [1;32mOK[0m
  MUL_MAT(type_a=q8_0,type_b=f32,m=4096,n=8,k=4096,bs=[1,1],nr=[1,1],per=[0,1,2,3],k_v=0,o=1,src_overlap=0): [1;32mOK[0m
  MUL_MAT(type_a=q4_0,type_b=f32,m=1024,n=2,k=4096,bs=[1,1],nr=[1,1],per=[0,1,2,3],k_v=0,o=1,src_overlap=0): [1;32mOK[0m
  MUL_MAT(type_a=q4_0,type_b=f32,m=1024,n=3,k=4096,bs=[1,1],nr=[1,1],per=[0,1,2,3],k_v=0,o=1,src_overlap=0): [1;32mOK[0m
  MUL_MAT(type_a=q4_0,type_b=f32,m=1024,n=4,k=4096,bs=[1,1],nr=[1,1],per=[0,1,2,3],k_v=0,o=1,src_overlap=0): [1;32mOK[0m
  MUL_MAT(type_a=q4_0,type_b=f32,m=1024,n=5,k=4096,bs=[1,1],nr=[1,1],per=[0,1,2,3],k_v=0,o=1,src_overlap=0): [1;32mOK[0m
  MUL_MAT(type_a=q4_0,type_b=f32,m=1024,n=6,k=4096,bs=[1,1],nr=[1,1],per=[0,1,2,3],k_v=0,o=1,src_overlap=0): [1;32mOK[0m
  MUL_MAT(type_a=q4_0,type_b=f32,m=1024,n=7,k=4096,bs=[1,1],nr=[1,1],per=[0,1,2,3],k_v=0,o=1,src_overlap=0): [1;32mOK[0m
  MUL_MAT(type_a=q4_0,type_b=f32,m=1024,n=8,k=4096,bs=[1,1],nr=[1,1],per=[0,1,2,3],k_v=0,o=1,src_overlap=0): [1;32mOK[0m
  MUL_MAT(type_a=q8_0,type_b=f32,m=1024,n=2,k=4096,bs=[1,1],nr=[1,1],per=[0,1,2,3],k_v=0,o=1,src_overlap=0): [1;32mOK[0m
  MUL_MAT(type_a=q8_0,type_b=f32,m=1024,n=3,k=4096,bs=[1,1],nr=[1,1],per=[0,1,2,3],k_v=0,o=1,src_overlap=0): [1;32mOK[0m
  MUL_MAT(type_a=q8_0,type_b=f32,m=1024,n=4,k=4096,bs=[1,1],nr=[1,1],per=[0,1,2,3],k_v=0,o=1,src_overlap=0): [1;32mOK[0m
  MUL_MAT(type_a=q8_0,type_b=f32,m=1024,n=5,k=4096,bs=[1,1],nr=[1,1],per=[0,1,2,3],k_v=0,o=1,src_overlap=0): [1;32mOK[0m
  MUL_MAT(type_a=q8_0,type_b=f32,m=1024,n=6,k=4096,bs=[1,1],nr=[1,1],per=[0,1,2,3],k_v=0,o=1,src_overlap=0): [1;32mOK[0m
  MUL_MAT(type_a=q8_0,type_b=f32,m=1024,n=7,k=4096,bs=[1,1],nr=[1,1],per=[0,1,2,3],k_v=0,o=1,src_overlap=0): [1;32mOK[0m
  MUL_MAT(type_a=q8_0,type_b=f32,m=1024,n=8,k=4096,bs=[1,1],nr=[1,1],per=[0,1,2,3],k_v=0,o=1,src_overlap=0): [1;32mOK[0m
  MUL_MAT(type_a=q4_0,type_b=f32,m=14336,n=2,k=4096,bs=[1,1],nr=[1,1],per=[0,1,2,3],k_v=0,o=1,src_overlap=0): [1;32mOK[0m
  MUL_MAT(type_a=q4_0,type_b=f32,m=14336,n=3,k=4096,bs=[1,1],nr=[1,1],per=[0,1,2,3],k_v=0,o=1,src_overlap=0): [1;32mOK[0m
  MUL_MAT(type_a=q4_0,type_b=f32,m=14336,n=4,k=4096,bs=[1,1],nr=[1,1],per=[0,1,2,3],k_v=0,o=1,src_overlap=0): [1;32mOK[0m
  MUL_MAT(type_a=q4_0,type_b=f32,m=14336,n=5,k=4096,bs=[1,1],nr=[1,1],per=[0,1,2,3],k_v=0,o=1,src_overlap=0): [1;32mOK[0m
  MUL_MAT(type_a=q4_0,type_b=f32,m=14336,n=6,k=4096,bs=[1,1],nr=[1,1],per=[0,1,2,3],k_v=0,o=1,src_overlap=0): [1;32mOK[0m
  MUL_MAT(type_a=q4_0,type_b=f32,m=14336,n=7,k=4096,bs=[1,1],nr=[1,1],per=[0,1,2,3],k_v=0,o=1,src_overlap=0): [1;32mOK[0m
  MUL_MAT(type_a=q4_0,type_b=f32,m=14336,n=8,k=4096,bs=[1,1],nr=[1,1],per=[0,1,2,3],k_v=0,o=1,src_overlap=0): [1;32mOK[0m
  MUL_MAT(type_a=q8_0,type_b=f32,m=14336,n=2,k=4096,bs=[1,1],nr=[1,1],per=[0,1,2,3],k_v=0,o=1,src_overlap=0): [1;32mOK[0m
  MUL_MAT(type_a=q8_0,type_b=f32,m=14336,n=3,k=4096,bs=[1,1],nr=[1,1],per=[0,1,2,3],k_v=0,o=1,src_overlap=0): [1;32mOK[0m
  MUL_MAT(type_a=q8_0,type_b=f32,m=14336,n=4,k=4096,bs=[1,1],nr=[1,1],per=[0,1,2,3],k_v=0,o=1,src_overlap=0): [1;32mOK[0m
  MUL_MAT(type_a=q8_0,type_b=f32,m=14336,n=5,k=4096,bs=[1,1],nr=[1,1],per=[0,1,2,3],k_v=0,o=1,src_overlap=0): [1;32mOK[0m
  MUL_MAT(type_a=q8_0,type_b=f32,m=14336,n=6,k=4096,bs=[1,1],nr=[1,1],per=[0,1,2,3],k_v=0,o=1,src_overlap=0): [1;32mOK[0m
  MUL_MAT(type_a=q8_0,type_b=f32,m=14336,n=7,k=4096,bs=[1,1],nr=[1,1],per=[0,1,2,3],k_v=0,o=1,src_overlap=0): [1;32mOK[0m
  MUL_MAT(type_a=q8_0,type_b=f32,m=14336,n=8,k=4096,bs=[1,1],nr=[1,1],per=[0,1,2,3],k_v=0,o=1,src_overlap=0): [1;32mOK[0m
  MUL_MAT(type_a=q4_0,type_b=f32,m=4096,n=2,k=14336,bs=[1,1],nr=[1,1],per=[0,1,2,3],k_v=0,o=1,src_overlap=0): [1;32mOK[0m
  MUL_MAT(type_a=q4_0,type_b=f32,m=4096,n=3,k=14336,bs=[1,1],nr=[1,1],per=[0,1,2,3],k_v=0,o=1,src_overlap=0): [1;32mOK[0m
  MUL_MAT(type_a=q4_0,type_b=f32,m=4096,n=4,k=14336,bs=[1,1],nr=[1,1],per=[0,1,2,3],k_v=0,o=1,src_overlap=0): [1;32mOK[0m
  MUL_MAT(type_a=q4_0,type_b=f32,m=4096,n=5,k=14336,bs=[1,1],nr=[1,1],per=[0,1,2,3],k_v=0,o=1,src_overlap=0): [1;32mOK[0m
  MUL_MAT(type_a=q4_0,type_b=f32,m=4096,n=6,k=14336,bs=[1,1],nr=[1,1],per=[0,1,2,3],k_v=0,o=1,src_overlap=0): [1;32mOK[0m
  MUL_MAT(type_a=q4_0,type_b=f32,m=4096,n=7,k=14336,bs=[1,1],nr=[1,1],per=[0,1,2,3],k_v=0,o=1,src_overlap=0): [1;32mOK[0m
  MUL_MAT(type_a=q4_0,type_b=f32,m=4096,n=8,k=14336,bs=[1,1],nr=[1,1],per=[0,1,2,3],k_v=0,o=1,src_overlap=0): [1;32mOK[0m
  MUL_MAT(type_a=q8_0,type_b=f32,m=4096,n=2,k=14336,bs=[1,1],nr=[1,1],per=[0,1,2,3],k_v=0,o=1,src_overlap=0): [1;32mOK[0m
  MUL_MAT(type_a=q8_0,type_b=f32,m=4096,n=3,k=14336,bs=[1,1],nr=[1,1],per=[0,1,2,3],k_v=0,o=1,src_overlap=0): [1;32mOK[0m
  MUL_MAT(type_a=q8_0,type_b=f32,m=4096,n=4,k=14336,bs=[1,1],nr=[1,1],per=[0,1,2,3],k_v=0,o=1,src_overlap=0): [1;32mOK[0m
  MUL_MAT(type_a=q8_0,type_b=f32,m=4096,n=5,k=14336,bs=[1,1],nr=[1,1],per=[0,1,2,3],k_v=0,o=1,src_overlap=0): [1;32mOK[0m
  MUL_MAT(type_a=q8_0,type_b=f32,m=4096,n=6,k=14336,bs=[1,1],nr=[1,1],per=[0,1,2,3],k_v=0,o=1,src_overlap=0): [1;32mOK[0m
  MUL_MAT(type_a=q8_0,type_b=f32,m=4096,n=7,k=14336,bs=[1,1],nr=[1,1],per=[0,1,2,3],k_v=0,o=1,src_overlap=0): [1;32mOK[0m
  MUL_MAT(type_a=q8_0,type_b=f32,m=4096,n=8,k=14336,bs=[1,1],nr=[1,1],per=[0,1,2,3],k_v=0,o=1,src_overlap=0): [1;32mOK[0m
  MUL_MAT(type_a=q4_0,type_b=f32,m=3072,n=2,k=3072,bs=[1,1],nr=[1,1],per=[0,1,2,3],k_v=0,o=1,src_overlap=0): [1;32mOK[0m
  MUL_MAT(type_a=q4_0,type_b=f32,m=3072,n=3,k=3072,bs=[1,1],nr=[1,1],per=[0,1,2,3],k_v=0,o=1,src_overlap=0): [1;32mOK[0m
  MUL_MAT(type_a=q4_0,type_b=f32,m=3072,n=4,k=3072,bs=[1,1],nr=[1,1],per=[0,1,2,3],k_v=0,o=1,src_overlap=0): [1;32mOK[0m
  MUL_MAT(type_a=q4_0,type_b=f32,m=3072,n=5,k=3072,bs=[1,1],nr=[1,1],per=[0,1,2,3],k_v=0,o=1,src_overlap=0): [1;32mOK[0m
  MUL_MAT(type_a=q4_0,type_b=f32,m=3072,n=6,k=3072,bs=[1,1],nr=[1,1],per=[0,1,2,3],k_v=0,o=1,src_overlap=0): [1;32mOK[0m
  MUL_MAT(type_a=q4_0,type_b=f32,m=3072,n=7,k=3072,bs=[1,1],nr=[1,1],per=[0,1,2,3],k_v=0,o=1,src_overlap=0): [1;32mOK[0m
  MUL_MAT(type_a=q4_0,type_b=f32,m=3072,n=8,k=3072,bs=[1,1],nr=[1,1],per=[0,1,2,3],k_v=0,o=1,src_overlap=0): [1;32mOK[0m
  MUL_MAT(type_a=q8_0,type_b=f32,m=3072,n=2,k=3072,bs=[1,1],nr=[1,1],per=[0,1,2,3],k_v=0,o=1,src_overlap=0): [1;32mOK[0m
  MUL_MAT(type_a=q8_0,type_b=f32,m=3072,n=3,k=3072,bs=[1,1],nr=[1,1],per=[0,1,2,3],k_v=0,o=1,src_overlap=0): [1;32mOK[0m
  MUL_MAT(type_a=q8_0,type_b=f32,m=3072,n=4,k=3072,bs=[1,1],nr=[1,1],per=[0,1,2,3],k_v=0,o=1,src_overlap=0): [1;32mOK[0m
  MUL_MAT(type_a=q8_0,type_b=f32,m=3072,n=5,k=3072,bs=[1,1],nr=[1,1],per=[0,1,2,3],k_v=0,o=1,src_overlap=0): [1;32mOK[0m
  MUL_MAT(type_a=q8_0,type_b=f32,m=3072,n=6,k=3072,bs=[1,1],nr=[1,1],per=[0,1,2,3],k_v=0,o=1,src_overlap=0): [1;32mOK[0m
  MUL_MAT(type_a=q8_0,type_b=f32,m=3072,n=7,k=3072,bs=[1,1],nr=[1,1],per=[0,1,2,3],k_v=0,o=1,src_overlap=0): [1;32mOK[0m
  MUL_MAT(type_a=q8_0,type_b=f32,m=3072,n=8,k=3072,bs=[1,1],nr=[1,1],per=[0,1,2,3],k_v=0,o=1,src_overlap=0): [1;32mOK[0m
  MUL_MAT(type_a=q4_0,type_b=f32,m=1024,n=2,k=3072,bs=[1,1],nr=[1,1],per=[0,1,2,3],k_v=0,o=1,src_overlap=0): [1;32mOK[0m
  MUL_MAT(type_a=q4_0,type_b=f32,m=1024,n=3,k=3072,bs=[1,1],nr=[1,1],per=[0,1,2,3],k_v=0,o=1,src_overlap=0): [1;32mOK[0m
  MUL_MAT(type_a=q4_0,type_b=f32,m=1024,n=4,k=3072,bs=[1,1],nr=[1,1],per=[0,1,2,3],k_v=0,o=1,src_overlap=0): [1;32mOK[0m
  MUL_MAT(type_a=q4_0,type_b=f32,m=1024,n=5,k=3072,bs=[1,1],nr=[1,1],per=[0,1,2,3],k_v=0,o=1,src_overlap=0): [1;32mOK[0m
  MUL_MAT(type_a=q4_0,type_b=f32,m=1024,n=6,k=3072,bs=[1,1],nr=[1,1],per=[0,1,2,3],k_v=0,o=1,src_overlap=0): [1;32mOK[0m
  MUL_MAT(type_a=q4_0,type_b=f32,m=1024,n=7,k=3072,bs=[1,1],nr=[1,1],per=[0,1,2,3],k_v=0,o=1,src_overlap=0): [1;32mOK[0m
  MUL_MAT(type_a=q4_0,type_b=f32,m=1024,n=8,k=3072,bs=[1,1],nr=[1,1],per=[0,1,2,3],k_v=0,o=1,src_overlap=0): [1;32mOK[0m
  MUL_MAT(type_a=q8_0,type_b=f32,m=1024,n=2,k=3072,bs=[1,1],nr=[1,1],per=[0,1,2,3],k_v=0,o=1,src_overlap=0): [1;32mOK[0m
  MUL_MAT(type_a=q8_0,type_b=f32,m=1024,n=3,k=3072,bs=[1,1],nr=[1,1],per=[0,1,2,3],k_v=0,o=1,src_overlap=0): ggml_backend_cuda_graph_compute: CUDA graph warmup complete
[1;32mOK[0m
  MUL_MAT(type_a=q8_0,type_b=f32,m=1024,n=4,k=3072,bs=[1,1],nr=[1,1],per=[0,1,2,3],k_v=0,o=1,src_overlap=0): ggml_backend_cuda_graph_compute: CUDA graph warmup reset
[1;32mOK[0m
  MUL_MAT(type_a=q8_0,type_b=f32,m=1024,n=5,k=3072,bs=[1,1],nr=[1,1],per=[0,1,2,3],k_v=0,o=1,src_overlap=0): [1;32mOK[0m
  MUL_MAT(type_a=q8_0,type_b=f32,m=1024,n=6,k=3072,bs=[1,1],nr=[1,1],per=[0,1,2,3],k_v=0,o=1,src_overlap=0): [1;32mOK[0m
  MUL_MAT(type_a=q8_0,type_b=f32,m=1024,n=7,k=3072,bs=[1,1],nr=[1,1],per=[0,1,2,3],k_v=0,o=1,src_overlap=0): [1;32mOK[0m
  MUL_MAT(type_a=q8_0,type_b=f32,m=1024,n=8,k=3072,bs=[1,1],nr=[1,1],per=[0,1,2,3],k_v=0,o=1,src_overlap=0): [1;32mOK[0m
  MUL_MAT(type_a=q4_0,type_b=f32,m=8192,n=2,k=3072,bs=[1,1],nr=[1,1],per=[0,1,2,3],k_v=0,o=1,src_overlap=0): [1;32mOK[0m
  MUL_MAT(type_a=q4_0,type_b=f32,m=8192,n=3,k=3072,bs=[1,1],nr=[1,1],per=[0,1,2,3],k_v=0,o=1,src_overlap=0): [1;32mOK[0m
  MUL_MAT(type_a=q4_0,type_b=f32,m=8192,n=4,k=3072,bs=[1,1],nr=[1,1],per=[0,1,2,3],k_v=0,o=1,src_overlap=0): [1;32mOK[0m
  MUL_MAT(type_a=q4_0,type_b=f32,m=8192,n=5,k=3072,bs=[1,1],nr=[1,1],per=[0,1,2,3],k_v=0,o=1,src_overlap=0): [1;32mOK[0m
  MUL_MAT(type_a=q4_0,type_b=f32,m=8192,n=6,k=3072,bs=[1,1],nr=[1,1],per=[0,1,2,3],k_v=0,o=1,src_overlap=0): [1;32mOK[0m
  MUL_MAT(type_a=q4_0,type_b=f32,m=8192,n=7,k=3072,bs=[1,1],nr=[1,1],per=[0,1,2,3],k_v=0,o=1,src_overlap=0): [1;32mOK[0m
  MUL_MAT(type_a=q4_0,type_b=f32,m=8192,n=8,k=3072,bs=[1,1],nr=[1,1],per=[0,1,2,3],k_v=0,o=1,src_overlap=0): [1;32mOK[0m
  MUL_MAT(type_a=q8_0,type_b=f32,m=8192,n=2,k=3072,bs=[1,1],nr=[1,1],per=[0,1,2,3],k_v=0,o=1,src_overlap=0): [1;32mOK[0m
  MUL_MAT(type_a=q8_0,type_b=f32,m=8192,n=3,k=3072,bs=[1,1],nr=[1,1],per=[0,1,2,3],k_v=0,o=1,src_overlap=0): [1;32mOK[0m
  MUL_MAT(type_a=q8_0,type_b=f32,m=8192,n=4,k=3072,bs=[1,1],nr=[1,1],per=[0,1,2,3],k_v=0,o=1,src_overlap=0): [1;32mOK[0m
  MUL_MAT(type_a=q8_0,type_b=f32,m=8192,n=5,k=3072,bs=[1,1],nr=[1,1],per=[0,1,2,3],k_v=0,o=1,src_overlap=0): [1;32mOK[0m
  MUL_MAT(type_a=q8_0,type_b=f32,m=8192,n=6,k=3072,bs=[1,1],nr=[1,1],per=[0,1,2,3],k_v=0,o=1,src_overlap=0): [1;32mOK[0m
  MUL_MAT(type_a=q8_0,type_b=f32,m=8192,n=7,k=3072,bs=[1,1],nr=[1,1],per=[0,1,2,3],k_v=0,o=1,src_overlap=0): [1;32mOK[0m
  MUL_MAT(type_a=q8_0,type_b=f32,m=8192,n=8,k=3072,bs=[1,1],nr=[1,1],per=[0,1,2,3],k_v=0,o=1,src_overlap=0): [1;32mOK[0m
  MUL_MAT(type_a=q4_0,type_b=f32,m=3072,n=2,k=8192,bs=[1,1],nr=[1,1],per=[0,1,2,3],k_v=0,o=1,src_overlap=0): [1;32mOK[0m
  MUL_MAT(type_a=q4_0,type_b=f32,m=3072,n=3,k=8192,bs=[1,1],nr=[1,1],per=[0,1,2,3],k_v=0,o=1,src_overlap=0): [1;32mOK[0m
  MUL_MAT(type_a=q4_0,type_b=f32,m=3072,n=4,k=8192,bs=[1,1],nr=[1,1],per=[0,1,2,3],k_v=0,o=1,src_overlap=0): [1;32mOK[0m
  MUL_MAT(type_a=q4_0,type_b=f32,m=3072,n=5,k=8192,bs=[1,1],nr=[1,1],per=[0,1,2,3],k_v=0,o=1,src_overlap=0): [1;32mOK[0m
  MUL_MAT(type_a=q4_0,type_b=f32,m=3072,n=6,k=8192,bs=[1,1],nr=[1,1],per=[0,1,2,3],k_v=0,o=1,src_overlap=0): [1;32mOK[0m
  MUL_MAT(type_a=q4_0,type_b=f32,m=3072,n=7,k=8192,bs=[1,1],nr=[1,1],per=[0,1,2,3],k_v=0,o=1,src_overlap=0): [1;32mOK[0m
  MUL_MAT(type_a=q4_0,type_b=f32,m=3072,n=8,k=8192,bs=[1,1],nr=[1,1],per=[0,1,2,3],k_v=0,o=1,src_overlap=0): [1;32mOK[0m
  MUL_MAT(type_a=q8_0,type_b=f32,m=3072,n=2,k=8192,bs=[1,1],nr=[1,1],per=[0,1,2,3],k_v=0,o=1,src_overlap=0): [1;32mOK[0m
  MUL_MAT(type_a=q8_0,type_b=f32,m=3072,n=3,k=8192,bs=[1,1],nr=[1,1],per=[0,1,2,3],k_v=0,o=1,src_overlap=0): [1;32mOK[0m
  MUL_MAT(type_a=q8_0,type_b=f32,m=3072,n=4,k=8192,bs=[1,1],nr=[1,1],per=[0,1,2,3],k_v=0,o=1,src_overlap=0): [1;32mOK[0m
  MUL_MAT(type_a=q8_0,type_b=f32,m=3072,n=5,k=8192,bs=[1,1],nr=[1,1],per=[0,1,2,3],k_v=0,o=1,src_overlap=0): [1;32mOK[0m
  MUL_MAT(type_a=q8_0,type_b=f32,m=3072,n=6,k=8192,bs=[1,1],nr=[1,1],per=[0,1,2,3],k_v=0,o=1,src_overlap=0): [1;32mOK[0m
  MUL_MAT(type_a=q8_0,type_b=f32,m=3072,n=7,k=8192,bs=[1,1],nr=[1,1],per=[0,1,2,3],k_v=0,o=1,src_overlap=0): [1;32mOK[0m
  MUL_MAT(type_a=q8_0,type_b=f32,m=3072,n=8,k=8192,bs=[1,1],nr=[1,1],per=[0,1,2,3],k_v=0,o=1,src_overlap=0): [1;32mOK[0m
  MUL_MAT(type_a=q4_0,type_b=f32,m=2048,n=2,k=2048,bs=[1,1],nr=[1,1],per=[0,1,2,3],k_v=0,o=1,src_overlap=0): [1;32mOK[0m
  MUL_MAT(type_a=q4_0,type_b=f32,m=2048,n=3,k=2048,bs=[1,1],nr=[1,1],per=[0,1,2,3],k_v=0,o=1,src_overlap=0): [1;32mOK[0m
  MUL_MAT(type_a=q4_0,type_b=f32,m=2048,n=4,k=2048,bs=[1,1],nr=[1,1],per=[0,1,2,3],k_v=0,o=1,src_overlap=0): [1;32mOK[0m
  MUL_MAT(type_a=q4_0,type_b=f32,m=2048,n=5,k=2048,bs=[1,1],nr=[1,1],per=[0,1,2,3],k_v=0,o=1,src_overlap=0): [1;32mOK[0m
  MUL_MAT(type_a=q4_0,type_b=f32,m=2048,n=6,k=2048,bs=[1,1],nr=[1,1],per=[0,1,2,3],k_v=0,o=1,src_overlap=0): [1;32mOK[0m
  MUL_MAT(type_a=q4_0,type_b=f32,m=2048,n=7,k=2048,bs=[1,1],nr=[1,1],per=[0,1,2,3],k_v=0,o=1,src_overlap=0): [1;32mOK[0m
  MUL_MAT(type_a=q4_0,type_b=f32,m=2048,n=8,k=2048,bs=[1,1],nr=[1,1],per=[0,1,2,3],k_v=0,o=1,src_overlap=0): [1;32mOK[0m
  MUL_MAT(type_a=q8_0,type_b=f32,m=2048,n=2,k=2048,bs=[1,1],nr=[1,1],per=[0,1,2,3],k_v=0,o=1,src_overlap=0): [1;32mOK[0m
  MUL_MAT(type_a=q8_0,type_b=f32,m=2048,n=3,k=2048,bs=[1,1],nr=[1,1],per=[0,1,2,3],k_v=0,o=1,src_overlap=0): [1;32mOK[0m
  MUL_MAT(type_a=q8_0,type_b=f32,m=2048,n=4,k=2048,bs=[1,1],nr=[1,1],per=[0,1,2,3],k_v=0,o=1,src_overlap=0): [1;32mOK[0m
  MUL_MAT(type_a=q8_0,type_b=f32,m=2048,n=5,k=2048,bs=[1,1],nr=[1,1],per=[0,1,2,3],k_v=0,o=1,src_overlap=0): [1;32mOK[0m
  MUL_MAT(type_a=q8_0,type_b=f32,m=2048,n=6,k=2048,bs=[1,1],nr=[1,1],per=[0,1,2,3],k_v=0,o=1,src_overlap=0): [1;32mOK[0m
  MUL_MAT(type_a=q8_0,type_b=f32,m=2048,n=7,k=2048,bs=[1,1],nr=[1,1],per=[0,1,2,3],k_v=0,o=1,src_overlap=0): [1;32mOK[0m
  MUL_MAT(type_a=q8_0,type_b=f32,m=2048,n=8,k=2048,bs=[1,1],nr=[1,1],per=[0,1,2,3],k_v=0,o=1,src_overlap=0): [1;32mOK[0m
  MUL_MAT(type_a=q4_0,type_b=f32,m=512,n=2,k=2048,bs=[1,1],nr=[1,1],per=[0,1,2,3],k_v=0,o=1,src_overlap=0): [1;32mOK[0m
  MUL_MAT(type_a=q4_0,type_b=f32,m=512,n=3,k=2048,bs=[1,1],nr=[1,1],per=[0,1,2,3],k_v=0,o=1,src_overlap=0): [1;32mOK[0m
  MUL_MAT(type_a=q4_0,type_b=f32,m=512,n=4,k=2048,bs=[1,1],nr=[1,1],per=[0,1,2,3],k_v=0,o=1,src_overlap=0): [1;32mOK[0m
  MUL_MAT(type_a=q4_0,type_b=f32,m=512,n=5,k=2048,bs=[1,1],nr=[1,1],per=[0,1,2,3],k_v=0,o=1,src_overlap=0): [1;32mOK[0m
  MUL_MAT(type_a=q4_0,type_b=f32,m=512,n=6,k=2048,bs=[1,1],nr=[1,1],per=[0,1,2,3],k_v=0,o=1,src_overlap=0): [1;32mOK[0m
  MUL_MAT(type_a=q4_0,type_b=f32,m=512,n=7,k=2048,bs=[1,1],nr=[1,1],per=[0,1,2,3],k_v=0,o=1,src_overlap=0): [1;32mOK[0m
  MUL_MAT(type_a=q4_0,type_b=f32,m=512,n=8,k=2048,bs=[1,1],nr=[1,1],per=[0,1,2,3],k_v=0,o=1,src_overlap=0): [1;32mOK[0m
  MUL_MAT(type_a=q8_0,type_b=f32,m=512,n=2,k=2048,bs=[1,1],nr=[1,1],per=[0,1,2,3],k_v=0,o=1,src_overlap=0): [1;32mOK[0m
  MUL_MAT(type_a=q8_0,type_b=f32,m=512,n=3,k=2048,bs=[1,1],nr=[1,1],per=[0,1,2,3],k_v=0,o=1,src_overlap=0): [1;32mOK[0m
  MUL_MAT(type_a=q8_0,type_b=f32,m=512,n=4,k=2048,bs=[1,1],nr=[1,1],per=[0,1,2,3],k_v=0,o=1,src_overlap=0): [1;32mOK[0m
  MUL_MAT(type_a=q8_0,type_b=f32,m=512,n=5,k=2048,bs=[1,1],nr=[1,1],per=[0,1,2,3],k_v=0,o=1,src_overlap=0): [1;32mOK[0m
  MUL_MAT(type_a=q8_0,type_b=f32,m=512,n=6,k=2048,bs=[1,1],nr=[1,1],per=[0,1,2,3],k_v=0,o=1,src_overlap=0): [1;32mOK[0m
  MUL_MAT(type_a=q8_0,type_b=f32,m=512,n=7,k=2048,bs=[1,1],nr=[1,1],per=[0,1,2,3],k_v=0,o=1,src_overlap=0): [1;32mOK[0m
  MUL_MAT(type_a=q8_0,type_b=f32,m=512,n=8,k=2048,bs=[1,1],nr=[1,1],per=[0,1,2,3],k_v=0,o=1,src_overlap=0): [1;32mOK[0m
  MUL_MAT(type_a=q4_0,type_b=f32,m=8192,n=2,k=2048,bs=[1,1],nr=[1,1],per=[0,1,2,3],k_v=0,o=1,src_overlap=0): [1;32mOK[0m
  MUL_MAT(type_a=q4_0,type_b=f32,m=8192,n=3,k=2048,bs=[1,1],nr=[1,1],per=[0,1,2,3],k_v=0,o=1,src_overlap=0): [1;32mOK[0m
  MUL_MAT(type_a=q4_0,type_b=f32,m=8192,n=4,k=2048,bs=[1,1],nr=[1,1],per=[0,1,2,3],k_v=0,o=1,src_overlap=0): [1;32mOK[0m
  MUL_MAT(type_a=q4_0,type_b=f32,m=8192,n=5,k=2048,bs=[1,1],nr=[1,1],per=[0,1,2,3],k_v=0,o=1,src_overlap=0): [1;32mOK[0m
  MUL_MAT(type_a=q4_0,type_b=f32,m=8192,n=6,k=2048,bs=[1,1],nr=[1,1],per=[0,1,2,3],k_v=0,o=1,src_overlap=0): [1;32mOK[0m
  MUL_MAT(type_a=q4_0,type_b=f32,m=8192,n=7,k=2048,bs=[1,1],nr=[1,1],per=[0,1,2,3],k_v=0,o=1,src_overlap=0): [1;32mOK[0m
  MUL_MAT(type_a=q4_0,type_b=f32,m=8192,n=8,k=2048,bs=[1,1],nr=[1,1],per=[0,1,2,3],k_v=0,o=1,src_overlap=0): [1;32mOK[0m
  MUL_MAT(type_a=q8_0,type_b=f32,m=8192,n=2,k=2048,bs=[1,1],nr=[1,1],per=[0,1,2,3],k_v=0,o=1,src_overlap=0): [1;32mOK[0m
  MUL_MAT(type_a=q8_0,type_b=f32,m=8192,n=3,k=2048,bs=[1,1],nr=[1,1],per=[0,1,2,3],k_v=0,o=1,src_overlap=0): [1;32mOK[0m
  MUL_MAT(type_a=q8_0,type_b=f32,m=8192,n=4,k=2048,bs=[1,1],nr=[1,1],per=[0,1,2,3],k_v=0,o=1,src_overlap=0): [1;32mOK[0m
  MUL_MAT(type_a=q8_0,type_b=f32,m=8192,n=5,k=2048,bs=[1,1],nr=[1,1],per=[0,1,2,3],k_v=0,o=1,src_overlap=0): [1;32mOK[0m
  MUL_MAT(type_a=q8_0,type_b=f32,m=8192,n=6,k=2048,bs=[1,1],nr=[1,1],per=[0,1,2,3],k_v=0,o=1,src_overlap=0): [1;32mOK[0m
  MUL_MAT(type_a=q8_0,type_b=f32,m=8192,n=7,k=2048,bs=[1,1],nr=[1,1],per=[0,1,2,3],k_v=0,o=1,src_overlap=0): [1;32mOK[0m
  MUL_MAT(type_a=q8_0,type_b=f32,m=8192,n=8,k=2048,bs=[1,1],nr=[1,1],per=[0,1,2,3],k_v=0,o=1,src_overlap=0): [1;32mOK[0m
  MUL_MAT(type_a=q4_0,type_b=f32,m=2048,n=2,k=8192,bs=[1,1],nr=[1,1],per=[0,1,2,3],k_v=0,o=1,src_overlap=0): [1;32mOK[0m
  MUL_MAT(type_a=q4_0,type_b=f32,m=2048,n=3,k=8192,bs=[1,1],nr=[1,1],per=[0,1,2,3],k_v=0,o=1,src_overlap=0): [1;32mOK[0m
  MUL_MAT(type_a=q4_0,type_b=f32,m=2048,n=4,k=8192,bs=[1,1],nr=[1,1],per=[0,1,2,3],k_v=0,o=1,src_overlap=0): [1;32mOK[0m
  MUL_MAT(type_a=q4_0,type_b=f32,m=2048,n=5,k=8192,bs=[1,1],nr=[1,1],per=[0,1,2,3],k_v=0,o=1,src_overlap=0): [1;32mOK[0m
  MUL_MAT(type_a=q4_0,type_b=f32,m=2048,n=6,k=8192,bs=[1,1],nr=[1,1],per=[0,1,2,3],k_v=0,o=1,src_overlap=0): [1;32mOK[0m
  MUL_MAT(type_a=q4_0,type_b=f32,m=2048,n=7,k=8192,bs=[1,1],nr=[1,1],per=[0,1,2,3],k_v=0,o=1,src_overlap=0): [1;32mOK[0m
  MUL_MAT(type_a=q4_0,type_b=f32,m=2048,n=8,k=8192,bs=[1,1],nr=[1,1],per=[0,1,2,3],k_v=0,o=1,src_overlap=0): [1;32mOK[0m
  MUL_MAT(type_a=q8_0,type_b=f32,m=2048,n=2,k=8192,bs=[1,1],nr=[1,1],per=[0,1,2,3],k_v=0,o=1,src_overlap=0): [1;32mOK[0m
  MUL_MAT(type_a=q8_0,type_b=f32,m=2048,n=3,k=8192,bs=[1,1],nr=[1,1],per=[0,1,2,3],k_v=0,o=1,src_overlap=0): [1;32mOK[0m
  MUL_MAT(type_a=q8_0,type_b=f32,m=2048,n=4,k=8192,bs=[1,1],nr=[1,1],per=[0,1,2,3],k_v=0,o=1,src_overlap=0): [1;32mOK[0m
  MUL_MAT(type_a=q8_0,type_b=f32,m=2048,n=5,k=8192,bs=[1,1],nr=[1,1],per=[0,1,2,3],k_v=0,o=1,src_overlap=0): [1;32mOK[0m
  MUL_MAT(type_a=q8_0,type_b=f32,m=2048,n=6,k=8192,bs=[1,1],nr=[1,1],per=[0,1,2,3],k_v=0,o=1,src_overlap=0): [1;32mOK[0m
  MUL_MAT(type_a=q8_0,type_b=f32,m=2048,n=7,k=8192,bs=[1,1],nr=[1,1],per=[0,1,2,3],k_v=0,o=1,src_overlap=0): [1;32mOK[0m
  MUL_MAT(type_a=q8_0,type_b=f32,m=2048,n=8,k=8192,bs=[1,1],nr=[1,1],per=[0,1,2,3],k_v=0,o=1,src_overlap=0): [1;32mOK[0m
DENSE_GATE_RESULT passed=168 total=168 cpu_smoke=0
